// Jest Snapshot v1, https://goo.gl/fbAQLP

exports[`render correctly 1`] = `
<DocumentFragment>
  <img
    alt="dustbin"
    class="deleteImg"
    src="delete.png"
  />
</DocumentFragment>
`;
